../Middlewares/ST/STM32_ISP_Library/isp/Src/isp_algo.c:171:19:ISP_Algo_BadPixel_Init	16	static
../Middlewares/ST/STM32_ISP_Library/isp/Src/isp_algo.c:187:19:ISP_Algo_BadPixel_DeInit	16	static
../Middlewares/ST/STM32_ISP_Library/isp/Src/isp_algo.c:202:19:ISP_Algo_BadPixel_Process	40	static
../Middlewares/ST/STM32_ISP_Library/isp/Src/isp_algo.c:279:19:ISP_Algo_AEC_Init	40	static
../Middlewares/ST/STM32_ISP_Library/isp/Src/isp_algo.c:334:19:ISP_Algo_AEC_DeInit	16	static
../Middlewares/ST/STM32_ISP_Library/isp/Src/isp_algo.c:348:19:ISP_Algo_AEC_StatCb	16	static
../Middlewares/ST/STM32_ISP_Library/isp/Src/isp_algo.c:356:16:ISP_Algo_AEC_IsLuxRefUntuned	16	static
../Middlewares/ST/STM32_ISP_Library/isp/Src/isp_algo.c:379:19:ISP_Algo_AEC_Process	112	static
../Middlewares/ST/STM32_ISP_Library/isp/Src/isp_algo.c:601:8:ISP_Algo_ApplyGammaInverse	24	static
../Middlewares/ST/STM32_ISP_Library/isp/Src/isp_algo.c:628:6:ISP_Algo_ApplyCConv	352	static
../Middlewares/ST/STM32_ISP_Library/isp/Src/isp_algo.c:668:19:ISP_Algo_AWB_Init	24	static
../Middlewares/ST/STM32_ISP_Library/isp/Src/isp_algo.c:696:19:ISP_Algo_AWB_DeInit	16	static
../Middlewares/ST/STM32_ISP_Library/isp/Src/isp_algo.c:710:19:ISP_Algo_AWB_StatCb	16	static
../Middlewares/ST/STM32_ISP_Library/isp/Src/isp_algo.c:729:19:ISP_Algo_AWB_Process	128	static
../Middlewares/ST/STM32_ISP_Library/isp/Src/isp_algo.c:1145:19:ISP_Algo_Background_StatCb	16	static
../Middlewares/ST/STM32_ISP_Library/isp/Src/isp_algo.c:1160:19:ISP_Algo_Background_Init	16	static
../Middlewares/ST/STM32_ISP_Library/isp/Src/isp_algo.c:1176:19:ISP_Algo_Background_DeInit	16	static
../Middlewares/ST/STM32_ISP_Library/isp/Src/isp_algo.c:1192:19:ISP_Algo_Background_Process	48	static
../Middlewares/ST/STM32_ISP_Library/isp/Src/isp_algo.c:1270:19:ISP_Algo_Init	32	static
../Middlewares/ST/STM32_ISP_Library/isp/Src/isp_algo.c:1306:19:ISP_Algo_DeInit	32	static
../Middlewares/ST/STM32_ISP_Library/isp/Src/isp_algo.c:1334:19:ISP_Algo_Process	32	static
