../Middlewares/ST/STM32_ISP_Library/isp/Src/isp_ae_algo.c:66:6:isp_ae_init	16	static
../Middlewares/ST/STM32_ISP_Library/isp/Src/isp_ae_algo.c:84:13:isp_ae_compute_antiflicker	40	static
../Middlewares/ST/STM32_ISP_Library/isp/Src/isp_ae_algo.c:139:13:isp_ae_reverse_antiflicker	40	static
../Middlewares/ST/STM32_ISP_Library/isp/Src/isp_ae_algo.c:190:13:isp_ae_compute_lux_limits	16	static
../Middlewares/ST/STM32_ISP_Library/isp/Src/isp_ae_algo.c:214:13:isp_ae_split_global_exposure	32	static
../Middlewares/ST/STM32_ISP_Library/isp/Src/isp_ae_algo.c:248:16:isp_ae_handle_start_conditions	40	static
../Middlewares/ST/STM32_ISP_Library/isp/Src/isp_ae_algo.c:284:13:isp_ae_compute_model_coefficients	24	static
../Middlewares/ST/STM32_ISP_Library/isp/Src/isp_ae_algo.c:322:15:isp_ae_compute_coarse_exposure	64	static
../Middlewares/ST/STM32_ISP_Library/isp/Src/isp_ae_algo.c:351:15:isp_ae_apply_luminance_ratio	40	static
../Middlewares/ST/STM32_ISP_Library/isp/Src/isp_ae_algo.c:383:13:isp_ae_validate_exposure_increase	40	static
../Middlewares/ST/STM32_ISP_Library/isp/Src/isp_ae_algo.c:428:13:isp_ae_validate_exposure_decrease	40	static
../Middlewares/ST/STM32_ISP_Library/isp/Src/isp_ae_algo.c:476:13:isp_ae_process_fine_convergence	40	static
../Middlewares/ST/STM32_ISP_Library/isp/Src/isp_ae_algo.c:518:16:isp_ae_is_coarse_convergence_not_reached	24	static
../Middlewares/ST/STM32_ISP_Library/isp/Src/isp_ae_algo.c:557:6:isp_ae_get_new_exposure	88	static
../Middlewares/ST/STM32_ISP_Library/isp/Src/isp_ae_algo.c:629:6:isp_ae_get_new_exposure_ratio	72	static
