../Middlewares/ST/STM32_ISP_Library/isp/Src/isp_core.c:55:19:ISP_Init	48	static
../Middlewares/ST/STM32_ISP_Library/isp/Src/isp_core.c:175:19:ISP_DeInit	24	static
../Middlewares/ST/STM32_ISP_Library/isp/Src/isp_core.c:208:19:ISP_Start	32	static
../Middlewares/ST/STM32_ISP_Library/isp/Src/isp_core.c:350:26:_ISP_BackgroundProcess	24	static
../Middlewares/ST/STM32_ISP_Library/isp/Src/isp_core.c:400:19:ISP_BackgroundProcess	16	static
../Middlewares/ST/STM32_ISP_Library/isp/Src/isp_core.c:412:19:ISP_GetStatus	16	static
../Middlewares/ST/STM32_ISP_Library/isp/Src/isp_core.c:425:19:ISP_SetExposureTarget	24	static
../Middlewares/ST/STM32_ISP_Library/isp/Src/isp_core.c:444:19:ISP_GetExposureTarget	32	static
../Middlewares/ST/STM32_ISP_Library/isp/Src/isp_core.c:462:19:ISP_SetAECState	24	static
../Middlewares/ST/STM32_ISP_Library/isp/Src/isp_core.c:479:19:ISP_GetAECState	24	static
../Middlewares/ST/STM32_ISP_Library/isp/Src/isp_core.c:496:19:ISP_SetAEConvergenceSpeed	24	static
../Middlewares/ST/STM32_ISP_Library/isp/Src/isp_core.c:518:19:ISP_GetAEConvergenceSpeed	24	static
../Middlewares/ST/STM32_ISP_Library/isp/Src/isp_core.c:540:19:ISP_ListWBRefModes	24	static
../Middlewares/ST/STM32_ISP_Library/isp/Src/isp_core.c:560:19:ISP_SetWBRefMode	96	static
../Middlewares/ST/STM32_ISP_Library/isp/Src/isp_core.c:633:19:ISP_GetWBRefMode	32	static
../Middlewares/ST/STM32_ISP_Library/isp/Src/isp_core.c:653:19:ISP_SetAWBConvergenceSpeed	24	static
../Middlewares/ST/STM32_ISP_Library/isp/Src/isp_core.c:675:19:ISP_GetAWBConvergenceSpeed	24	static
../Middlewares/ST/STM32_ISP_Library/isp/Src/isp_core.c:698:19:ISP_GetDecimationFactor	16	static
../Middlewares/ST/STM32_ISP_Library/isp/Src/isp_core.c:710:19:ISP_SetStatArea	16	static
../Middlewares/ST/STM32_ISP_Library/isp/Src/isp_core.c:722:19:ISP_GetStatArea	16	static
../Middlewares/ST/STM32_ISP_Library/isp/Src/isp_core.c:736:19:ISP_EnableRestartState	16	static
../Middlewares/ST/STM32_ISP_Library/isp/Src/isp_core.c:747:19:ISP_DisableRestartState	16	static
../Middlewares/ST/STM32_ISP_Library/isp/Src/isp_core.c:758:6:ISP_GatherStatistics	16	static
../Middlewares/ST/STM32_ISP_Library/isp/Src/isp_core.c:769:6:ISP_IncMainFrameId	16	static
../Middlewares/ST/STM32_ISP_Library/isp/Src/isp_core.c:780:10:ISP_GetMainFrameId	16	static
../Middlewares/ST/STM32_ISP_Library/isp/Src/isp_core.c:791:6:ISP_IncAncillaryFrameId	16	static
../Middlewares/ST/STM32_ISP_Library/isp/Src/isp_core.c:802:10:ISP_GetAncillaryFrameId	16	static
../Middlewares/ST/STM32_ISP_Library/isp/Src/isp_core.c:813:6:ISP_IncDumpFrameId	16	static
../Middlewares/ST/STM32_ISP_Library/isp/Src/isp_core.c:824:10:ISP_GetDumpFrameId	16	static
../Middlewares/ST/STM32_ISP_Library/isp/Src/isp_core.c:835:6:ISP_OutputMeta	48	static
../Middlewares/ST/STM32_ISP_Library/isp/Src/isp_core.c:851:19:ISP_GetLuxEstimation	168	static
