../../Drivers/STM32N6xx_HAL_Driver/Inc/stm32n6xx_ll_bus.h:1407:22:LL_AHB4_GRP1_EnableClock	24	static
../../Drivers/STM32N6xx_HAL_Driver/Inc/stm32n6xx_ll_rcc.h:2317:22:LL_RCC_SetCpuClkSource	16	static
../../Drivers/STM32N6xx_HAL_Driver/Inc/stm32n6xx_ll_rcc.h:2346:22:LL_RCC_SetSysClkSource	16	static
../Core/Src/main.c:232:5:main	176	static,ignoring_inline_asm
../Core/Src/main.c:526:6:SystemClock_Config	224	static
../Core/Src/main.c:692:13:MX_DCMIPP_Init	72	static
../Core/Src/main.c:770:13:MX_USART1_UART_Init	8	static
../Core/Src/main.c:817:13:MX_USART3_UART_Init	8	static
../Core/Src/main.c:866:13:MX_USART10_UART_Init	8	static
../Core/Src/main.c:914:13:MX_USB1_OTG_HS_PCD_Init	8	static
../Core/Src/main.c:948:13:MX_XSPI1_Init	24	static
../Core/Src/main.c:999:13:MX_XSPI2_Init	24	static
../Core/Src/main.c:1051:13:MX_GPIO_Init	32	static
../Core/Src/main.c:1144:6:LOOP	16	static
../Core/Src/main.c:1158:6:ledBlink	24	static
../Core/Src/main.c:1171:13:CPU_CACHE_Enable	24	static,ignoring_inline_asm
../Core/Src/main.c:1182:6:UARTint	16	static
../Core/Src/main.c:1189:7:UARTshort	32	static
../Core/Src/main.c:1204:8:UARTspace	8	static
../Core/Src/main.c:1210:6:UARTreturn	8	static
../Core/Src/main.c:1216:10:hex2ToAscii	32	static
../Core/Src/main.c:1235:9:hex1ToAscii	24	static
../Core/Src/main.c:1296:9:stm_xspi_psram_test	1096	static,ignoring_inline_asm
../Core/Src/main.c:1326:6:printDestBuff	16	static
../Core/Src/main.c:1356:6:clearDestBuff	16	static
../Core/Src/main.c:1369:6:printDumpBuff	16	static
../Core/Src/main.c:1390:6:clearDumpBuff	16	static
../Core/Src/main.c:1501:9:psramTest	112	static,ignoring_inline_asm
../Core/Src/main.c:1720:6:sendPic	1240	static
../Core/Src/main.c:1784:6:send3Grays	1224	static
../Core/Src/main.c:1819:6:sendColorBars	1224	static
../Core/Src/main.c:1991:6:storeColorBars	1232	static
../Core/Src/main.c:2078:10:APS256_WriteReg	104	static
../Core/Src/main.c:2124:10:APS256_ReadReg	104	static
../Core/Src/main.c:2168:13:Configure_APMemory	32	static
../Core/Src/main.c:2237:6:psramInitFrmMX	88	static
../Core/Src/main.c:2284:26:GetSensorInfoHelper	80	static
../Core/Src/main.c:2316:26:SetSensorGainHelper	16	static
../Core/Src/main.c:2327:26:GetSensorGainHelper	16	static
../Core/Src/main.c:2338:26:SetSensorExposureHelper	16	static
../Core/Src/main.c:2349:26:GetSensorExposureHelper	16	static
../Core/Src/main.c:2356:6:HAL_DCMIPP_PIPE_FrameEventCallback	16	static
../Core/Src/main.c:2367:6:HAL_DCMIPP_PIPE_VsyncEventCallback	16	static
../Core/Src/main.c:2389:13:IMX335_Probe	48	static
../Core/Src/main.c:2436:16:calcCRC	32	static
../Core/Src/main.c:2460:6:sensorSDA_OUTlow	32	static
../Core/Src/main.c:2472:6:sensorSCL_OUT	32	static
../Core/Src/main.c:2483:6:sensorSCL_OUTlow	32	static
../Core/Src/main.c:2495:6:sensorSDA_INpull	32	static
../Core/Src/main.c:2507:6:sensorSCL_INpull	32	static
../Core/Src/main.c:2519:9:write_data_L	24	static
../Core/Src/main.c:2545:9:i2c_write_byte_L	40	static
../Core/Src/main.c:2587:9:read_bytes_L	24	static
../Core/Src/main.c:2604:9:i2c_read_byte_L	24	static
../Core/Src/main.c:2644:6:write_sda_L	16	static
../Core/Src/main.c:2652:9:send_slave_Address_L	16	static
../Core/Src/main.c:2659:9:twi_start_cond_L	8	static
../Core/Src/main.c:2671:9:twi_stop_cond_L	8	static
../Core/Src/main.c:2682:6:sensorSDA_OUT	32	static
../Core/Src/main.c:2693:10:getALSfromTinyAPDS	24	static
../Core/Src/main.c:2725:6:myDelay	24	static
../Core/Src/main.c:2781:6:takePic	56	static
../Core/Src/main.c:2836:6:Error_Handler	8	static,ignoring_inline_asm
../Core/Src/main.c:2855:6:assert_failed	16	static
